Γû▓ Next.js 16.2.7 (Turbopack)
- Environments: .env.local

  Creating an optimized production build ...
Γ£ô Compiled successfully in 11.6s
  Running TypeScript ...
  Finished TypeScript in 360ms ...
  Collecting page data using 7 workers ...
  Generating static pages using 7 workers (0/82) ...
  Generating static pages using 7 workers (20/82) 
  Generating static pages using 7 workers (40/82) 
  Generating static pages using 7 workers (61/82) 
Γ£ô Generating static pages using 7 workers (82/82) in 2.4s
  Finalizing page optimization ...

Route (app)
Γöî Γùï /
Γö£ Γùï /_not-found
Γö£ Γùï /admin/cascading-5years
Γö£ Γùï /admin/cascading-annual
Γö£ Γùï /admin/employees
Γö£ Γùï /admin/master
Γö£ Γùï /admin/monitoring-5years
Γö£ Γùï /admin/operational-definition
Γö£ Γùï /admin/paket-pekerjaan
Γö£ Γùï /admin/perjakin
Γö£ Γùï /admin/realisasi-fisik
Γö£ Γùï /admin/realisasi-schedule
Γö£ Γùï /admin/settings
Γö£ Γùï /admin/target-fisik
Γö£ ╞Æ /api/admin/cascading5years/import
Γö£ ╞Æ /api/admin/cascading5years/import-template
Γö£ ╞Æ /api/admin/deactivated-warnings
Γö£ ╞Æ /api/admin/debug-indicators
Γö£ ╞Æ /api/admin/employees
Γö£ ╞Æ /api/admin/employees/[id]
Γö£ ╞Æ /api/admin/employees/import
Γö£ ╞Æ /api/admin/employees/reset-password
Γö£ ╞Æ /api/admin/master-warnings
Γö£ ╞Æ /api/admin/master/import-apply
Γö£ ╞Æ /api/admin/master/import-preview
Γö£ ╞Æ /api/admin/migrate-database
Γö£ ╞Æ /api/admin/paket-pekerjaan
Γö£ ╞Æ /api/admin/paket-pekerjaan/import
Γö£ ╞Æ /api/admin/paket-pekerjaan/realisasi-fisik
Γö£ ╞Æ /api/admin/paket-pekerjaan/target-fisik
Γö£ ╞Æ /api/admin/settings
Γö£ ╞Æ /api/admin/settings/lock-fisik
Γö£ ╞Æ /api/admin/settings/realisasi-schedule
Γö£ ╞Æ /api/admin/variables
Γö£ ╞Æ /api/auth/login
Γö£ ╞Æ /api/auth/logout
Γö£ ╞Æ /api/cascading
Γö£ ╞Æ /api/cascading/[id]
Γö£ ╞Æ /api/cascading5years
Γö£ ╞Æ /api/cascading5years/[id]
Γö£ ╞Æ /api/cascading5years/[id]/parent
Γö£ ╞Æ /api/dashboard/summary
Γö£ ╞Æ /api/dashboard/tasks
Γö£ ╞Æ /api/debug-auth
Γö£ ╞Æ /api/employee/profile/signature
Γö£ ╞Æ /api/employee/profile/unit
Γö£ ╞Æ /api/employees
Γö£ ╞Æ /api/employees/change-password
Γö£ ╞Æ /api/master/kegiatan
Γö£ ╞Æ /api/master/kegiatan/[id]
Γö£ ╞Æ /api/master/program
Γö£ ╞Æ /api/master/program/[id]
Γö£ ╞Æ /api/master/subkegiatan
Γö£ ╞Æ /api/master/subkegiatan/[id]
Γö£ ╞Æ /api/monitoring/5years
Γö£ ╞Æ /api/notifications
Γö£ ╞Æ /api/performance
Γö£ ╞Æ /api/performance/[employeeId]/[tahun]
Γö£ ╞Æ /api/performance/evaluate
Γö£ ╞Æ /api/perjakin
Γö£ ╞Æ /api/perjakin/approval
Γö£ ╞Æ /api/profile
Γö£ ╞Æ /api/renaksi/[employeeId]/[tahun]
Γö£ ╞Æ /api/renaksi/approve
Γö£ ╞Æ /api/renaksi/realisasi
Γö£ ╞Æ /api/renaksi/shared-variables
Γö£ ╞Æ /api/renaksi/target/approve
Γö£ ╞Æ /api/renaksi/target/batch
Γö£ ╞Æ /api/renaksi/target/submit
Γö£ ╞Æ /api/renja/[tahun]
Γö£ ╞Æ /api/renja/import-dpa
Γö£ ╞Æ /api/renja/sync
Γö£ ╞Æ /api/rewards/leaderboard
Γö£ ╞Æ /api/seed
Γö£ ╞Æ /api/seed/bupati
Γö£ ╞Æ /api/selections
Γö£ ╞Æ /api/selections/[employeeId]
Γö£ ╞Æ /api/settings
Γö£ ╞Æ /api/verify-link
Γö£ Γùï /dashboard
Γö£ Γùï /employee/perjakin
Γö£ Γùï /employee/realisasi
Γö£ Γùï /employee/renaksi
Γö£ Γùï /employee/select
Γö£ Γùï /leaderboard
Γö£ Γùï /login
Γö£ Γùï /organogram
Γö£ Γùï /profile
Γö£ Γùï /reports
Γö£ Γùï /supervisor/approvals
Γöö Γùï /supervisor/evaluation


╞Æ Proxy (Middleware)

Γùï  (Static)   prerendered as static content
╞Æ  (Dynamic)  server-rendered on demand

